// Jest Snapshot v1, https://goo.gl/fbAQLP

exports[`Button should match snapshot 1`] = `
<div>
  <button
    aria-label="Call lift to floor 0"
    class="button "
    value="0"
  >
    0
  </button>
</div>
`;
