// Jest Snapshot v1, https://goo.gl/fbAQLP

exports[`LoaderModal should match snapshot 1`] = `
<div>
  <div
    class="loader-modal"
  >
    <img
      alt="Loading animation"
      class="loader-modal__loader"
      src="loader.gif"
    />
  </div>
</div>
`;
